2025-08-09T03:48:31.2586469Z Current runner version: '2.327.1'
2025-08-09T03:48:31.2621265Z ##[group]Runner Image Provisioner
2025-08-09T03:48:31.2622599Z Hosted Compute Agent
2025-08-09T03:48:31.2623451Z Version: 20250711.363
2025-08-09T03:48:31.2624398Z Commit: 6785254374ce925a23743850c1cb91912ce5c14c
2025-08-09T03:48:31.2625481Z Build Date: 2025-07-11T20:04:25Z
2025-08-09T03:48:31.2626693Z ##[endgroup]
2025-08-09T03:48:31.2627703Z ##[group]Operating System
2025-08-09T03:48:31.2628670Z Ubuntu
2025-08-09T03:48:31.2629845Z 24.04.2
2025-08-09T03:48:31.2630575Z LTS
2025-08-09T03:48:31.2631304Z ##[endgroup]
2025-08-09T03:48:31.2632188Z ##[group]Runner Image
2025-08-09T03:48:31.2633157Z Image: ubuntu-24.04
2025-08-09T03:48:31.2633987Z Version: 20250804.2.0
2025-08-09T03:48:31.2635933Z Included Software: https://github.com/actions/runner-images/blob/ubuntu24/20250804.2/images/ubuntu/Ubuntu2404-Readme.md
2025-08-09T03:48:31.2638665Z Image Release: https://github.com/actions/runner-images/releases/tag/ubuntu24%2F20250804.2
2025-08-09T03:48:31.2640945Z ##[endgroup]
2025-08-09T03:48:31.2642824Z ##[group]GITHUB_TOKEN Permissions
2025-08-09T03:48:31.2645468Z Contents: read
2025-08-09T03:48:31.2646419Z Metadata: read
2025-08-09T03:48:31.2647229Z Packages: read
2025-08-09T03:48:31.2648167Z ##[endgroup]
2025-08-09T03:48:31.2651526Z Secret source: Actions
2025-08-09T03:48:31.2652585Z Prepare workflow directory
2025-08-09T03:48:31.3317970Z Prepare all required actions
2025-08-09T03:48:31.3377812Z Getting action download info
2025-08-09T03:48:31.9306631Z ##[group]Download immutable action package 'actions/checkout@v4'
2025-08-09T03:48:31.9307735Z Version: 4.2.2
2025-08-09T03:48:31.9309109Z Digest: sha256:ccb2698953eaebd21c7bf6268a94f9c26518a7e38e27e0b83c1fe1ad049819b1
2025-08-09T03:48:31.9310415Z Source commit SHA: 11bd71901bbe5b1630ceea73d27597364c9af683
2025-08-09T03:48:31.9311192Z ##[endgroup]
2025-08-09T03:48:32.0201985Z ##[group]Download immutable action package 'actions/setup-node@v4'
2025-08-09T03:48:32.0202973Z Version: 4.4.0
2025-08-09T03:48:32.0203843Z Digest: sha256:9427cefe82346e992fb5b949e3569b39d537ae41aa3086483b14eceebfc16bc1
2025-08-09T03:48:32.0204996Z Source commit SHA: 49933ea5288caeca8642d1e84afbd3f7d6820020
2025-08-09T03:48:32.0205814Z ##[endgroup]
2025-08-09T03:48:32.1192073Z Download action repository 'codecov/codecov-action@v3' (SHA:ab904c41d6ece82784817410c45d8b8c02684457)
2025-08-09T03:48:33.0050909Z Complete job name: Test Desktop Client
2025-08-09T03:48:33.0713002Z ##[group]Run actions/checkout@v4
2025-08-09T03:48:33.0713848Z with:
2025-08-09T03:48:33.0714267Z   repository: nnjoshi14/NoteSage
2025-08-09T03:48:33.0714931Z   token: ***
2025-08-09T03:48:33.0715318Z   ssh-strict: true
2025-08-09T03:48:33.0715706Z   ssh-user: git
2025-08-09T03:48:33.0716101Z   persist-credentials: true
2025-08-09T03:48:33.0716551Z   clean: true
2025-08-09T03:48:33.0716944Z   sparse-checkout-cone-mode: true
2025-08-09T03:48:33.0717423Z   fetch-depth: 1
2025-08-09T03:48:33.0717803Z   fetch-tags: false
2025-08-09T03:48:33.0718202Z   show-progress: true
2025-08-09T03:48:33.0718619Z   lfs: false
2025-08-09T03:48:33.0719345Z   submodules: false
2025-08-09T03:48:33.0719809Z   set-safe-directory: true
2025-08-09T03:48:33.0720577Z ##[endgroup]
2025-08-09T03:48:33.1870345Z Syncing repository: nnjoshi14/NoteSage
2025-08-09T03:48:33.1874001Z ##[group]Getting Git version info
2025-08-09T03:48:33.1875147Z Working directory is '/home/runner/work/NoteSage/NoteSage'
2025-08-09T03:48:33.1876777Z [command]/usr/bin/git version
2025-08-09T03:48:33.1936617Z git version 2.50.1
2025-08-09T03:48:33.1966365Z ##[endgroup]
2025-08-09T03:48:33.1982414Z Temporarily overriding HOME='/home/runner/work/_temp/4f2653b4-381f-4951-8917-e2ccf4174077' before making global git config changes
2025-08-09T03:48:33.1986288Z Adding repository directory to the temporary git global config as a safe directory
2025-08-09T03:48:33.2002980Z [command]/usr/bin/git config --global --add safe.directory /home/runner/work/NoteSage/NoteSage
2025-08-09T03:48:33.2044728Z Deleting the contents of '/home/runner/work/NoteSage/NoteSage'
2025-08-09T03:48:33.2051998Z ##[group]Initializing the repository
2025-08-09T03:48:33.2055297Z [command]/usr/bin/git init /home/runner/work/NoteSage/NoteSage
2025-08-09T03:48:33.2123435Z hint: Using 'master' as the name for the initial branch. This default branch name
2025-08-09T03:48:33.2144766Z hint: is subject to change. To configure the initial branch name to use in all
2025-08-09T03:48:33.2146381Z hint: of your new repositories, which will suppress this warning, call:
2025-08-09T03:48:33.2147494Z hint:
2025-08-09T03:48:33.2148265Z hint: 	git config --global init.defaultBranch <name>
2025-08-09T03:48:33.2149590Z hint:
2025-08-09T03:48:33.2150472Z hint: Names commonly chosen instead of 'master' are 'main', 'trunk' and
2025-08-09T03:48:33.2151914Z hint: 'development'. The just-created branch can be renamed via this command:
2025-08-09T03:48:33.2153084Z hint:
2025-08-09T03:48:33.2153650Z hint: 	git branch -m <name>
2025-08-09T03:48:33.2154340Z hint:
2025-08-09T03:48:33.2155256Z hint: Disable this message with "git config set advice.defaultBranchName false"
2025-08-09T03:48:33.2156808Z Initialized empty Git repository in /home/runner/work/NoteSage/NoteSage/.git/
2025-08-09T03:48:33.2159629Z [command]/usr/bin/git remote add origin https://github.com/nnjoshi14/NoteSage
2025-08-09T03:48:33.2300373Z ##[endgroup]
2025-08-09T03:48:33.2301557Z ##[group]Disabling automatic garbage collection
2025-08-09T03:48:33.2302630Z [command]/usr/bin/git config --local gc.auto 0
2025-08-09T03:48:33.2304711Z ##[endgroup]
2025-08-09T03:48:33.2305701Z ##[group]Setting up auth
2025-08-09T03:48:33.2306767Z [command]/usr/bin/git config --local --name-only --get-regexp core\.sshCommand
2025-08-09T03:48:33.2310465Z [command]/usr/bin/git submodule foreach --recursive sh -c "git config --local --name-only --get-regexp 'core\.sshCommand' && git config --local --unset-all 'core.sshCommand' || :"
2025-08-09T03:48:33.2602585Z [command]/usr/bin/git config --local --name-only --get-regexp http\.https\:\/\/github\.com\/\.extraheader
2025-08-09T03:48:33.2637158Z [command]/usr/bin/git submodule foreach --recursive sh -c "git config --local --name-only --get-regexp 'http\.https\:\/\/github\.com\/\.extraheader' && git config --local --unset-all 'http.https://github.com/.extraheader' || :"
2025-08-09T03:48:33.2879711Z [command]/usr/bin/git config --local http.https://github.com/.extraheader AUTHORIZATION: basic ***
2025-08-09T03:48:33.2918421Z ##[endgroup]
2025-08-09T03:48:33.2920539Z ##[group]Fetching the repository
2025-08-09T03:48:33.2939391Z [command]/usr/bin/git -c protocol.version=2 fetch --no-tags --prune --no-recurse-submodules --depth=1 origin +96867206f8ba334caeebfe4ddfe7cd9a04d24a20:refs/remotes/origin/main
2025-08-09T03:48:34.5446373Z From https://github.com/nnjoshi14/NoteSage
2025-08-09T03:48:34.5451599Z  * [new ref]         96867206f8ba334caeebfe4ddfe7cd9a04d24a20 -> origin/main
2025-08-09T03:48:34.5486221Z ##[endgroup]
2025-08-09T03:48:34.5487962Z ##[group]Determining the checkout info
2025-08-09T03:48:34.5494114Z ##[endgroup]
2025-08-09T03:48:34.5495392Z [command]/usr/bin/git sparse-checkout disable
2025-08-09T03:48:34.5535707Z [command]/usr/bin/git config --local --unset-all extensions.worktreeConfig
2025-08-09T03:48:34.5568234Z ##[group]Checking out the ref
2025-08-09T03:48:34.5573196Z [command]/usr/bin/git checkout --progress --force -B main refs/remotes/origin/main
2025-08-09T03:48:34.7014490Z Switched to a new branch 'main'
2025-08-09T03:48:34.7016696Z branch 'main' set up to track 'origin/main'.
2025-08-09T03:48:34.7022277Z ##[endgroup]
2025-08-09T03:48:34.7093695Z [command]/usr/bin/git log -1 --format=%H
2025-08-09T03:48:34.7135581Z 96867206f8ba334caeebfe4ddfe7cd9a04d24a20
2025-08-09T03:48:34.7477000Z ##[group]Run actions/setup-node@v4
2025-08-09T03:48:34.7478131Z with:
2025-08-09T03:48:34.7479045Z   node-version: 18
2025-08-09T03:48:34.7479909Z   cache: npm
2025-08-09T03:48:34.7481017Z   cache-dependency-path: desktop-client/package-lock.json
2025-08-09T03:48:34.7482400Z   always-auth: false
2025-08-09T03:48:34.7483295Z   check-latest: false
2025-08-09T03:48:34.7484730Z   token: ***
2025-08-09T03:48:34.7485542Z ##[endgroup]
2025-08-09T03:48:34.9353790Z Found in cache @ /opt/hostedtoolcache/node/18.20.8/x64
2025-08-09T03:48:34.9357849Z ##[group]Environment details
2025-08-09T03:48:36.3791161Z node: v18.20.8
2025-08-09T03:48:36.3793345Z npm: 10.8.2
2025-08-09T03:48:36.3793691Z yarn: 1.22.22
2025-08-09T03:48:36.3794593Z ##[endgroup]
2025-08-09T03:48:36.3817344Z [command]/opt/hostedtoolcache/node/18.20.8/x64/bin/npm config get cache
2025-08-09T03:48:36.6392619Z /home/runner/.npm
2025-08-09T03:48:36.9502177Z npm cache is not found
2025-08-09T03:48:36.9713557Z ##[group]Run npm ci
2025-08-09T03:48:36.9713881Z [36;1mnpm ci[0m
2025-08-09T03:48:36.9787379Z shell: /usr/bin/bash -e {0}
2025-08-09T03:48:36.9787653Z ##[endgroup]
2025-08-09T03:48:40.0918802Z npm warn EBADENGINE Unsupported engine {
2025-08-09T03:48:40.0920385Z npm warn EBADENGINE   package: 'marked@16.1.2',
2025-08-09T03:48:40.0921149Z npm warn EBADENGINE   required: { node: '>= 20' },
2025-08-09T03:48:40.0922035Z npm warn EBADENGINE   current: { node: 'v18.20.8', npm: '10.8.2' }
2025-08-09T03:48:40.0922676Z npm warn EBADENGINE }
2025-08-09T03:48:40.1050535Z npm error code EUSAGE
2025-08-09T03:48:40.1053507Z npm error
2025-08-09T03:48:40.1057282Z npm error `npm ci` can only install packages when your package.json and package-lock.json or npm-shrinkwrap.json are in sync. Please update your lock file with `npm install` before continuing.
2025-08-09T03:48:40.1067663Z npm error
2025-08-09T03:48:40.1068267Z npm error Missing: electron-log@5.4.2 from lock file
2025-08-09T03:48:40.1069288Z npm error Missing: electron-updater@6.6.2 from lock file
2025-08-09T03:48:40.1070126Z npm error Missing: builder-util-runtime@9.3.1 from lock file
2025-08-09T03:48:40.1070862Z npm error Missing: fs-extra@10.1.0 from lock file
2025-08-09T03:48:40.1071584Z npm error Missing: lodash.escaperegexp@4.1.2 from lock file
2025-08-09T03:48:40.1072325Z npm error Missing: lodash.isequal@4.5.0 from lock file
2025-08-09T03:48:40.1073114Z npm error Missing: tiny-typed-emitter@2.1.0 from lock file
2025-08-09T03:48:40.1073820Z npm error Missing: jsonfile@6.1.0 from lock file
2025-08-09T03:48:40.1074417Z npm error Missing: universalify@2.0.1 from lock file
2025-08-09T03:48:40.1074882Z npm error
2025-08-09T03:48:40.1075272Z npm error Clean install a project
2025-08-09T03:48:40.1075636Z npm error
2025-08-09T03:48:40.1075922Z npm error Usage:
2025-08-09T03:48:40.1076216Z npm error npm ci
2025-08-09T03:48:40.1076484Z npm error
2025-08-09T03:48:40.1076768Z npm error Options:
2025-08-09T03:48:40.1077502Z npm error [--install-strategy <hoisted|nested|shallow|linked>] [--legacy-bundling]
2025-08-09T03:48:40.1078474Z npm error [--global-style] [--omit <dev|optional|peer> [--omit <dev|optional|peer> ...]]
2025-08-09T03:48:40.1079657Z npm error [--include <prod|dev|optional|peer> [--include <prod|dev|optional|peer> ...]]
2025-08-09T03:48:40.1080702Z npm error [--strict-peer-deps] [--foreground-scripts] [--ignore-scripts] [--no-audit]
2025-08-09T03:48:40.1081447Z npm error [--no-bin-links] [--no-fund] [--dry-run]
2025-08-09T03:48:40.1082237Z npm error [-w|--workspace <workspace-name> [-w|--workspace <workspace-name> ...]]
2025-08-09T03:48:40.1083113Z npm error [-ws|--workspaces] [--include-workspace-root] [--install-links]
2025-08-09T03:48:40.1083694Z npm error
2025-08-09T03:48:40.1084280Z npm error aliases: clean-install, ic, install-clean, isntall-clean
2025-08-09T03:48:40.1084835Z npm error
2025-08-09T03:48:40.1085241Z npm error Run "npm help ci" for more info
2025-08-09T03:48:40.1086252Z npm error A complete log of this run can be found in: /home/runner/.npm/_logs/2025-08-09T03_48_37_056Z-debug-0.log
2025-08-09T03:48:40.1180663Z ##[error]Process completed with exit code 1.
2025-08-09T03:48:40.1289188Z Post job cleanup.
2025-08-09T03:48:40.2276831Z [command]/usr/bin/git version
2025-08-09T03:48:40.2319255Z git version 2.50.1
2025-08-09T03:48:40.2369807Z Temporarily overriding HOME='/home/runner/work/_temp/1d2307b6-fec9-4195-8f48-66344abd252d' before making global git config changes
2025-08-09T03:48:40.2372871Z Adding repository directory to the temporary git global config as a safe directory
2025-08-09T03:48:40.2377258Z [command]/usr/bin/git config --global --add safe.directory /home/runner/work/NoteSage/NoteSage
2025-08-09T03:48:40.2425672Z [command]/usr/bin/git config --local --name-only --get-regexp core\.sshCommand
2025-08-09T03:48:40.2462644Z [command]/usr/bin/git submodule foreach --recursive sh -c "git config --local --name-only --get-regexp 'core\.sshCommand' && git config --local --unset-all 'core.sshCommand' || :"
2025-08-09T03:48:40.2706540Z [command]/usr/bin/git config --local --name-only --get-regexp http\.https\:\/\/github\.com\/\.extraheader
2025-08-09T03:48:40.2733784Z http.https://github.com/.extraheader
2025-08-09T03:48:40.2747528Z [command]/usr/bin/git config --local --unset-all http.https://github.com/.extraheader
2025-08-09T03:48:40.2781401Z [command]/usr/bin/git submodule foreach --recursive sh -c "git config --local --name-only --get-regexp 'http\.https\:\/\/github\.com\/\.extraheader' && git config --local --unset-all 'http.https://github.com/.extraheader' || :"
2025-08-09T03:48:40.3126474Z Cleaning up orphan processes
